// Jest Snapshot v1, https://goo.gl/fbAQLP

exports[`NonfungiblePositionManager #burn gas 1`] = `58204`;

exports[`NonfungiblePositionManager #collect gas transfers both 1`] = `114512`;

exports[`NonfungiblePositionManager #collect gas transfers token0 only 1`] = `107442`;

exports[`NonfungiblePositionManager #collect gas transfers token1 only 1`] = `107649`;

exports[`NonfungiblePositionManager #createAndInitializePoolIfNecessary gas 1`] = `4570004`;

exports[`NonfungiblePositionManager #decreaseLiquidity gas complete decrease 1`] = `145687`;

exports[`NonfungiblePositionManager #decreaseLiquidity gas partial decrease 1`] = `157756`;

exports[`NonfungiblePositionManager #increaseLiquidity gas 1`] = `167977`;

exports[`NonfungiblePositionManager #mint gas first mint for pool 1`] = `570203`;

exports[`NonfungiblePositionManager #mint gas first mint for pool using eth with non-zero refund 1`] = `585444`;

exports[`NonfungiblePositionManager #mint gas first mint for pool using eth with zero refund 1`] = `578262`;

exports[`NonfungiblePositionManager #mint gas mint for same pool, different ticks 1`] = `422291`;

exports[`NonfungiblePositionManager #mint gas mint on same ticks 1`] = `315179`;

exports[`NonfungiblePositionManager #permit owned by eoa gas 1`] = `59685`;

exports[`NonfungiblePositionManager #permit owned by verifying contract gas 1`] = `63536`;

exports[`NonfungiblePositionManager #positions gas 1`] = `20619`;

exports[`NonfungiblePositionManager #transferFrom gas 1`] = `83674`;

exports[`NonfungiblePositionManager #transferFrom gas comes from approved 1`] = `84424`;

exports[`NonfungiblePositionManager bytecode size 1`] = `24179`;

exports[`NonfungiblePositionManager multicall exit gas 1`] = `220808`;
